I'm sorry, but errors were detected in your script. Please correct the
errors listed below, and try again.


File "game/script.rpy", line 63: choice menuitem expects a non-empty block.
    "Allow":
            ^

Ren'Py Version: Ren'Py 6.99.7.858
